98.09.07 08:39 B g:\meberli\html\JEEMINEE\berichte\wila\wila.htm <-- WS_FTP32 /vereine/pfadialv/JEEMINEE/berichte/wila wila.htm
98.09.07 08:39 B g:\meberli\html\JEEMINEE\berichte\wila\wila1.jpg <-- WS_FTP32 /vereine/pfadialv/JEEMINEE/berichte/wila wila1.jpg
98.09.07 08:39 B g:\meberli\html\JEEMINEE\berichte\wila\wila2.jpg <-- WS_FTP32 /vereine/pfadialv/JEEMINEE/berichte/wila wila2.jpg
98.09.07 08:39 B g:\meberli\html\JEEMINEE\berichte\wila\wila3.jpg <-- WS_FTP32 /vereine/pfadialv/JEEMINEE/berichte/wila wila3.jpg
98.09.07 08:39 B g:\meberli\html\JEEMINEE\berichte\wila\Wila5.jpg <-- WS_FTP32 /vereine/pfadialv/JEEMINEE/berichte/wila Wila5.jpg
98.09.07 08:39 B g:\meberli\html\JEEMINEE\berichte\wila\Wila6.jpg <-- WS_FTP32 /vereine/pfadialv/JEEMINEE/berichte/wila Wila6.jpg
98.09.07 08:39 B g:\meberli\html\JEEMINEE\berichte\wila\Wila7.jpg <-- WS_FTP32 /vereine/pfadialv/JEEMINEE/berichte/wila Wila7.jpg
98.09.07 08:46 B g:\meberli\html\JEEMINEE\berichte\wila\wila.htm --> ftp.netzone.ch /htdocs/JEEMINEE/berichte/wila wila.htm
98.09.07 08:46 B g:\meberli\html\JEEMINEE\berichte\wila\wila1.jpg --> ftp.netzone.ch /htdocs/JEEMINEE/berichte/wila wila1.jpg
98.09.07 08:46 B g:\meberli\html\JEEMINEE\berichte\wila\wila2.jpg --> ftp.netzone.ch /htdocs/JEEMINEE/berichte/wila wila2.jpg
98.09.07 08:46 B g:\meberli\html\JEEMINEE\berichte\wila\wila3.jpg --> ftp.netzone.ch /htdocs/JEEMINEE/berichte/wila wila3.jpg
98.09.07 08:46 B g:\meberli\html\JEEMINEE\berichte\wila\Wila5.jpg --> ftp.netzone.ch /htdocs/JEEMINEE/berichte/wila Wila5.jpg
98.09.07 08:46 B g:\meberli\html\JEEMINEE\berichte\wila\Wila6.jpg --> ftp.netzone.ch /htdocs/JEEMINEE/berichte/wila Wila6.jpg
98.09.07 08:46 B g:\meberli\html\JEEMINEE\berichte\wila\Wila7.jpg --> ftp.netzone.ch /htdocs/JEEMINEE/berichte/wila Wila7.jpg
99.03.03 17:44 B C:\Eigene Dateien\Pfadi\Homepage\abteilung\BERICHTE\WILA\WILA.HTM --> ftp.alvier.ch /htdocs/abteilung/BERICHTE/WILA WILA.HTM
99.03.03 17:44 B C:\Eigene Dateien\Pfadi\Homepage\abteilung\BERICHTE\WILA\Wila1.jpg --> ftp.alvier.ch /htdocs/abteilung/BERICHTE/WILA Wila1.jpg
99.03.03 17:44 B C:\Eigene Dateien\Pfadi\Homepage\abteilung\BERICHTE\WILA\Wila2.jpg --> ftp.alvier.ch /htdocs/abteilung/BERICHTE/WILA Wila2.jpg
99.03.03 17:45 B C:\Eigene Dateien\Pfadi\Homepage\abteilung\BERICHTE\WILA\Wila3.jpg --> ftp.alvier.ch /htdocs/abteilung/BERICHTE/WILA Wila3.jpg
99.03.03 17:45 B C:\Eigene Dateien\Pfadi\Homepage\abteilung\BERICHTE\WILA\Wila5.jpg --> ftp.alvier.ch /htdocs/abteilung/BERICHTE/WILA Wila5.jpg
99.03.03 17:45 B C:\Eigene Dateien\Pfadi\Homepage\abteilung\BERICHTE\WILA\Wila6.jpg --> ftp.alvier.ch /htdocs/abteilung/BERICHTE/WILA Wila6.jpg
99.03.03 17:45 B C:\Eigene Dateien\Pfadi\Homepage\abteilung\BERICHTE\WILA\Wila7.jpg --> ftp.alvier.ch /htdocs/abteilung/BERICHTE/WILA Wila7.jpg
99.03.03 17:45 B C:\Eigene Dateien\Pfadi\Homepage\abteilung\BERICHTE\WILA\WS_FTP.LOG --> ftp.alvier.ch /htdocs/abteilung/BERICHTE/WILA WS_FTP.LOG
99.03.03 17:46 A C:\Eigene Dateien\Pfadi\Homepage\abteilung\BERICHTE\WILA\WILA.HTM --> ftp.alvier.ch /htdocs/abteilung/BERICHTE/WILA WILA.HTM
99.03.03 17:46 B C:\Eigene Dateien\Pfadi\Homepage\abteilung\BERICHTE\WILA\Wila1.jpg --> ftp.alvier.ch /htdocs/abteilung/BERICHTE/WILA Wila1.jpg
99.03.03 17:46 B C:\Eigene Dateien\Pfadi\Homepage\abteilung\BERICHTE\WILA\Wila2.jpg --> ftp.alvier.ch /htdocs/abteilung/BERICHTE/WILA Wila2.jpg
99.03.03 17:47 B C:\Eigene Dateien\Pfadi\Homepage\abteilung\BERICHTE\WILA\Wila3.jpg --> ftp.alvier.ch /htdocs/abteilung/BERICHTE/WILA Wila3.jpg
99.03.03 17:47 B C:\Eigene Dateien\Pfadi\Homepage\abteilung\BERICHTE\WILA\Wila5.jpg --> ftp.alvier.ch /htdocs/abteilung/BERICHTE/WILA Wila5.jpg
99.03.03 17:47 B C:\Eigene Dateien\Pfadi\Homepage\abteilung\BERICHTE\WILA\Wila6.jpg --> ftp.alvier.ch /htdocs/abteilung/BERICHTE/WILA Wila6.jpg
99.03.03 17:47 B C:\Eigene Dateien\Pfadi\Homepage\abteilung\BERICHTE\WILA\Wila7.jpg --> ftp.alvier.ch /htdocs/abteilung/BERICHTE/WILA Wila7.jpg
99.03.03 17:47 B C:\Eigene Dateien\Pfadi\Homepage\abteilung\BERICHTE\WILA\WS_FTP.LOG --> ftp.alvier.ch /htdocs/abteilung/BERICHTE/WILA WS_FTP.LOG
99.04.10 01:33 B C:\Eigene Dateien\Pfadi\Homepage\abteilung\BERICHTE\WILA\WILA.HTM --> ftp.alvier.ch /htdocs/abteilung/BERICHTE/WILA WILA.HTM
99.04.10 01:33 B C:\Eigene Dateien\Pfadi\Homepage\abteilung\BERICHTE\WILA\Wila1.jpg --> ftp.alvier.ch /htdocs/abteilung/BERICHTE/WILA Wila1.jpg
99.04.10 01:34 B C:\Eigene Dateien\Pfadi\Homepage\abteilung\BERICHTE\WILA\Wila2.jpg --> ftp.alvier.ch /htdocs/abteilung/BERICHTE/WILA Wila2.jpg
99.04.10 01:34 B C:\Eigene Dateien\Pfadi\Homepage\abteilung\BERICHTE\WILA\Wila3.jpg --> ftp.alvier.ch /htdocs/abteilung/BERICHTE/WILA Wila3.jpg
99.04.10 01:34 B C:\Eigene Dateien\Pfadi\Homepage\abteilung\BERICHTE\WILA\Wila5.jpg --> ftp.alvier.ch /htdocs/abteilung/BERICHTE/WILA Wila5.jpg
99.04.10 01:34 B C:\Eigene Dateien\Pfadi\Homepage\abteilung\BERICHTE\WILA\Wila6.jpg --> ftp.alvier.ch /htdocs/abteilung/BERICHTE/WILA Wila6.jpg
99.04.10 01:34 B C:\Eigene Dateien\Pfadi\Homepage\abteilung\BERICHTE\WILA\Wila7.jpg --> ftp.alvier.ch /htdocs/abteilung/BERICHTE/WILA Wila7.jpg
99.04.10 01:34 B C:\Eigene Dateien\Pfadi\Homepage\abteilung\BERICHTE\WILA\WS_FTP.LOG --> ftp.alvier.ch /htdocs/abteilung/BERICHTE/WILA WS_FTP.LOG
99.04.10 01:56 B C:\Eigene Dateien\Pfadi\Homepage\abteilung\berichte\wila\wila.htm --> ftp.alvier.ch /htdocs/abteilung/berichte/wila wila.htm
99.04.10 01:56 B C:\Eigene Dateien\Pfadi\Homepage\abteilung\berichte\wila\wila1.jpg --> ftp.alvier.ch /htdocs/abteilung/berichte/wila wila1.jpg
99.04.10 01:56 B C:\Eigene Dateien\Pfadi\Homepage\abteilung\berichte\wila\wila2.jpg --> ftp.alvier.ch /htdocs/abteilung/berichte/wila wila2.jpg
99.04.10 01:56 B C:\Eigene Dateien\Pfadi\Homepage\abteilung\berichte\wila\wila3.jpg --> ftp.alvier.ch /htdocs/abteilung/berichte/wila wila3.jpg
99.04.10 01:56 B C:\Eigene Dateien\Pfadi\Homepage\abteilung\berichte\wila\wila5.jpg --> ftp.alvier.ch /htdocs/abteilung/berichte/wila wila5.jpg
99.04.10 01:56 B C:\Eigene Dateien\Pfadi\Homepage\abteilung\berichte\wila\wila6.jpg --> ftp.alvier.ch /htdocs/abteilung/berichte/wila wila6.jpg
99.04.10 01:56 B C:\Eigene Dateien\Pfadi\Homepage\abteilung\berichte\wila\wila7.jpg --> ftp.alvier.ch /htdocs/abteilung/berichte/wila wila7.jpg
