2001.02.23 20:05 B C:\Sites\puentel\photogallerie\gallerie02\Seiten\a.htm --> www.alvier.ch /htdocs/stufen/stufe4/hoopuntel/photogallerie/gallerie02/Seiten a.htm
2001.02.23 20:05 B C:\Sites\puentel\photogallerie\gallerie02\Seiten\Augen.htm --> www.alvier.ch /htdocs/stufen/stufe4/hoopuntel/photogallerie/gallerie02/Seiten Augen.htm
2001.02.23 20:05 B C:\Sites\puentel\photogallerie\gallerie02\Seiten\aulac.htm --> www.alvier.ch /htdocs/stufen/stufe4/hoopuntel/photogallerie/gallerie02/Seiten aulac.htm
2001.02.23 20:05 B C:\Sites\puentel\photogallerie\gallerie02\Seiten\b.htm --> www.alvier.ch /htdocs/stufen/stufe4/hoopuntel/photogallerie/gallerie02/Seiten b.htm
2001.02.23 20:05 B C:\Sites\puentel\photogallerie\gallerie02\Seiten\Brettli.htm --> www.alvier.ch /htdocs/stufen/stufe4/hoopuntel/photogallerie/gallerie02/Seiten Brettli.htm
2001.02.23 20:05 B C:\Sites\puentel\photogallerie\gallerie02\Seiten\c.htm --> www.alvier.ch /htdocs/stufen/stufe4/hoopuntel/photogallerie/gallerie02/Seiten c.htm
2001.02.23 20:05 B C:\Sites\puentel\photogallerie\gallerie02\Seiten\d.htm --> www.alvier.ch /htdocs/stufen/stufe4/hoopuntel/photogallerie/gallerie02/Seiten d.htm
2001.02.23 20:06 B C:\Sites\puentel\photogallerie\gallerie02\Seiten\Dom.htm --> www.alvier.ch /htdocs/stufen/stufe4/hoopuntel/photogallerie/gallerie02/Seiten Dom.htm
2001.02.23 20:06 B C:\Sites\puentel\photogallerie\gallerie02\Seiten\e.htm --> www.alvier.ch /htdocs/stufen/stufe4/hoopuntel/photogallerie/gallerie02/Seiten e.htm
2001.02.23 20:06 B C:\Sites\puentel\photogallerie\gallerie02\Seiten\eib.htm --> www.alvier.ch /htdocs/stufen/stufe4/hoopuntel/photogallerie/gallerie02/Seiten eib.htm
2001.02.23 20:06 B C:\Sites\puentel\photogallerie\gallerie02\Seiten\f.htm --> www.alvier.ch /htdocs/stufen/stufe4/hoopuntel/photogallerie/gallerie02/Seiten f.htm
2001.02.23 20:06 B C:\Sites\puentel\photogallerie\gallerie02\Seiten\Falk.htm --> www.alvier.ch /htdocs/stufen/stufe4/hoopuntel/photogallerie/gallerie02/Seiten Falk.htm
2001.02.23 20:06 B C:\Sites\puentel\photogallerie\gallerie02\Seiten\g.htm --> www.alvier.ch /htdocs/stufen/stufe4/hoopuntel/photogallerie/gallerie02/Seiten g.htm
2001.02.23 20:06 B C:\Sites\puentel\photogallerie\gallerie02\Seiten\genf.htm --> www.alvier.ch /htdocs/stufen/stufe4/hoopuntel/photogallerie/gallerie02/Seiten genf.htm
2001.02.23 20:06 B C:\Sites\puentel\photogallerie\gallerie02\Seiten\Grimas.htm --> www.alvier.ch /htdocs/stufen/stufe4/hoopuntel/photogallerie/gallerie02/Seiten Grimas.htm
2001.02.23 20:17 B C:\Sites\puentel\photogallerie\gallerie02\Seiten\Handy.htm --> www.alvier.ch /htdocs/stufen/stufe4/hoopuntel/photogallerie/gallerie02/Seiten Handy.htm
2001.02.23 20:17 B C:\Sites\puentel\photogallerie\gallerie02\Seiten\Michi.htm --> www.alvier.ch /htdocs/stufen/stufe4/hoopuntel/photogallerie/gallerie02/Seiten Michi.htm
2001.02.23 20:17 B C:\Sites\puentel\photogallerie\gallerie02\Seiten\Michl.htm --> www.alvier.ch /htdocs/stufen/stufe4/hoopuntel/photogallerie/gallerie02/Seiten Michl.htm
2001.02.23 20:17 B C:\Sites\puentel\photogallerie\gallerie02\Seiten\mpfua.htm --> www.alvier.ch /htdocs/stufen/stufe4/hoopuntel/photogallerie/gallerie02/Seiten mpfua.htm
2001.02.23 20:17 B C:\Sites\puentel\photogallerie\gallerie02\Seiten\Nass.htm --> www.alvier.ch /htdocs/stufen/stufe4/hoopuntel/photogallerie/gallerie02/Seiten Nass.htm
2001.02.23 20:17 B C:\Sites\puentel\photogallerie\gallerie02\Seiten\prost.htm --> www.alvier.ch /htdocs/stufen/stufe4/hoopuntel/photogallerie/gallerie02/Seiten prost.htm
2001.02.23 20:17 B C:\Sites\puentel\photogallerie\gallerie02\Seiten\Revox.htm --> www.alvier.ch /htdocs/stufen/stufe4/hoopuntel/photogallerie/gallerie02/Seiten Revox.htm
2001.02.23 20:17 B C:\Sites\puentel\photogallerie\gallerie02\Seiten\Sandro.htm --> www.alvier.ch /htdocs/stufen/stufe4/hoopuntel/photogallerie/gallerie02/Seiten Sandro.htm
2001.02.23 20:17 B C:\Sites\puentel\photogallerie\gallerie02\Seiten\Scream.htm --> www.alvier.ch /htdocs/stufen/stufe4/hoopuntel/photogallerie/gallerie02/Seiten Scream.htm
2001.02.23 20:17 B C:\Sites\puentel\photogallerie\gallerie02\Seiten\Urs.htm --> www.alvier.ch /htdocs/stufen/stufe4/hoopuntel/photogallerie/gallerie02/Seiten Urs.htm
2001.02.23 20:17 B C:\Sites\puentel\photogallerie\gallerie02\Seiten\wandern.htm --> www.alvier.ch /htdocs/stufen/stufe4/hoopuntel/photogallerie/gallerie02/Seiten wandern.htm
