2001.10.23 18:14 A C:\Program Files\WS_FTP\sekretariat\sekretariat\Anmeldung.PDF <-- Alvier /htdocs/dienste/sekretariat/sekretariat Anmeldung.PDF
2001.10.23 18:21 A C:\Program Files\WS_FTP\sekretariat\sekretariat\Anmeldung.PDF --> alvier.ch /htdocs/dienste/sekretariat/sekretariat/sekretariat Anmeldung.PDF
2001.10.23 18:22 A C:\Program Files\WS_FTP\sekretariat\sekretariat\mec.jpg --> alvier.ch /htdocs/dienste/sekretariat/sekretariat/sekretariat mec.jpg
2001.10.23 18:55 A C:\Program Files\WS_FTP\sekretariat\sekretariat\sekretariat\WS_FTP.LOG <-- Alvier /htdocs/dienste/sekretariat/sekretariat/sekretariat WS_FTP.LOG
2001.10.23 18:59 A C:\Program Files\WS_FTP\sekretariat\sekretariat\sekretariat\Anmeldung.PDF --> alvier.ch /htdocs/dienste/sekretariat/sekretariat/sekretariat Anmeldung.PDF
2001.10.23 18:59 A C:\Program Files\WS_FTP\sekretariat\sekretariat\sekretariat\WS_FTP.LOG --> alvier.ch /htdocs/dienste/sekretariat/sekretariat/sekretariat WS_FTP.LOG
2001.10.23 19:13 A C:\Program Files\WS_FTP\sekretariat\sekretariat\sekretariat\Anmeldung.PDF --> alvier.ch /htdocs/dienste/sekretariat/sekretariat/sekretariat/sekretariat Anmeldung.PDF
2001.10.23 19:13 A C:\Program Files\WS_FTP\sekretariat\sekretariat\sekretariat\mec.jpg --> alvier.ch /htdocs/dienste/sekretariat/sekretariat/sekretariat/sekretariat mec.jpg
2001.10.23 19:13 A C:\Program Files\WS_FTP\sekretariat\sekretariat\sekretariat\WS_FTP.LOG --> alvier.ch /htdocs/dienste/sekretariat/sekretariat/sekretariat/sekretariat WS_FTP.LOG
2001.10.23 19:28 A C:\Program Files\WS_FTP\sekretariat\Anmeldung.PDF --> alvier.ch /htdocs/dienste/sekretariat Anmeldung.PDF
2001.10.23 19:28 A C:\Program Files\WS_FTP\sekretariat\mec.jpg --> alvier.ch /htdocs/dienste/sekretariat mec.jpg
2001.10.23 19:28 A C:\Program Files\WS_FTP\sekretariat\titel.htm --> alvier.ch /htdocs/dienste/sekretariat titel.htm
2001.10.23 19:47 A C:\Program Files\WS_FTP\sekretariat\WS_FTP.LOG <-- Alvier /htdocs/dienste/sekretariat WS_FTP.LOG
2001.10.23 19:51 A C:\Program Files\WS_FTP\sekretariat\Anmeldung.PDF --> alvier.ch /htdocs/dienste/sekretariat Anmeldung.PDF
2001.10.23 19:51 A C:\Program Files\WS_FTP\sekretariat\titel.htm --> alvier.ch /htdocs/dienste/sekretariat titel.htm
2001.10.23 19:51 A C:\Program Files\WS_FTP\sekretariat\WS_FTP.LOG --> alvier.ch /htdocs/dienste/sekretariat WS_FTP.LOG
2001.10.23 20:31 A C:\Program Files\WS_FTP\sekretariat\titel.htm --> alvier.ch /htdocs/dienste/sekretariat titel.htm
2001.10.31 20:44 A C:\Program Files\WS_FTP\sekretariat\WS_FTP.LOG <-- Alvier /htdocs/dienste/sekretariat WS_FTP.LOG
2001.10.31 20:59 A C:\Program Files\WS_FTP\sekretariat\Anmeldung.PDF --> alvier.ch /htdocs/dienste/sekretariat Anmeldung.PDF
2001.10.31 20:59 A C:\Program Files\WS_FTP\sekretariat\titel.htm --> alvier.ch /htdocs/dienste/sekretariat titel.htm
