99.03.03 17:58 B C:\Eigene Dateien\Pfadi\Homepage\rover\Bilder\BERIMENU.GIF --> ftp.alvier.ch /htdocs/rover/Bilder BERIMENU.GIF
99.03.03 17:58 A C:\Eigene Dateien\Pfadi\Homepage\rover\Bilder\Button-Betriebsanleitung.txt --> ftp.alvier.ch /htdocs/rover/Bilder Button-Betriebsanleitung.txt
99.03.03 17:59 B C:\Eigene Dateien\Pfadi\Homepage\rover\Bilder\HAGARBU.GIF --> ftp.alvier.ch /htdocs/rover/Bilder HAGARBU.GIF
99.03.03 17:59 B C:\Eigene Dateien\Pfadi\Homepage\rover\Bilder\hoopuntelmenu.gif --> ftp.alvier.ch /htdocs/rover/Bilder hoopuntelmenu.gif
99.03.03 17:59 B C:\Eigene Dateien\Pfadi\Homepage\rover\Bilder\jeemin1.gif --> ftp.alvier.ch /htdocs/rover/Bilder jeemin1.gif
99.03.03 17:59 B C:\Eigene Dateien\Pfadi\Homepage\rover\Bilder\jeemineemenu.gif --> ftp.alvier.ch /htdocs/rover/Bilder jeemineemenu.gif
99.03.03 17:59 B C:\Eigene Dateien\Pfadi\Homepage\rover\Bilder\menu_bkground.gif --> ftp.alvier.ch /htdocs/rover/Bilder menu_bkground.gif
99.03.03 17:59 B C:\Eigene Dateien\Pfadi\Homepage\rover\Bilder\ofafischmenu.gif --> ftp.alvier.ch /htdocs/rover/Bilder ofafischmenu.gif
99.03.03 17:59 B C:\Eigene Dateien\Pfadi\Homepage\rover\Bilder\utobul.gif --> ftp.alvier.ch /htdocs/rover/Bilder utobul.gif
99.03.03 17:59 B C:\Eigene Dateien\Pfadi\Homepage\rover\Bilder\vorlage_menu_jeeminee.gif --> ftp.alvier.ch /htdocs/rover/Bilder vorlage_menu_jeeminee.gif
99.03.03 17:59 B C:\Eigene Dateien\Pfadi\Homepage\rover\Bilder\vorlage_menu_jeeminee.jpg --> ftp.alvier.ch /htdocs/rover/Bilder vorlage_menu_jeeminee.jpg
99.04.10 01:37 B C:\Eigene Dateien\Pfadi\Homepage\rover\Bilder\BERIMENU.GIF --> ftp.alvier.ch /htdocs/rover/Bilder BERIMENU.GIF
99.04.10 01:37 B C:\Eigene Dateien\Pfadi\Homepage\rover\Bilder\Button-Betriebsanleitung.txt --> ftp.alvier.ch /htdocs/rover/Bilder Button-Betriebsanleitung.txt
99.04.10 01:37 B C:\Eigene Dateien\Pfadi\Homepage\rover\Bilder\HAGARBU.GIF --> ftp.alvier.ch /htdocs/rover/Bilder HAGARBU.GIF
99.04.10 01:37 B C:\Eigene Dateien\Pfadi\Homepage\rover\Bilder\hoopuntelmenu.gif --> ftp.alvier.ch /htdocs/rover/Bilder hoopuntelmenu.gif
99.04.10 01:37 B C:\Eigene Dateien\Pfadi\Homepage\rover\Bilder\jeemin1.gif --> ftp.alvier.ch /htdocs/rover/Bilder jeemin1.gif
99.04.10 01:37 B C:\Eigene Dateien\Pfadi\Homepage\rover\Bilder\jeemineemenu.gif --> ftp.alvier.ch /htdocs/rover/Bilder jeemineemenu.gif
99.04.10 01:37 B C:\Eigene Dateien\Pfadi\Homepage\rover\Bilder\menu_bkground.gif --> ftp.alvier.ch /htdocs/rover/Bilder menu_bkground.gif
99.04.10 01:37 B C:\Eigene Dateien\Pfadi\Homepage\rover\Bilder\ofafischmenu.gif --> ftp.alvier.ch /htdocs/rover/Bilder ofafischmenu.gif
99.04.10 01:37 B C:\Eigene Dateien\Pfadi\Homepage\rover\Bilder\utobul.gif --> ftp.alvier.ch /htdocs/rover/Bilder utobul.gif
99.04.10 01:37 B C:\Eigene Dateien\Pfadi\Homepage\rover\Bilder\vorlage_menu_jeeminee.gif --> ftp.alvier.ch /htdocs/rover/Bilder vorlage_menu_jeeminee.gif
99.04.10 01:37 B C:\Eigene Dateien\Pfadi\Homepage\rover\Bilder\vorlage_menu_jeeminee.jpg --> ftp.alvier.ch /htdocs/rover/Bilder vorlage_menu_jeeminee.jpg
99.04.10 01:37 B C:\Eigene Dateien\Pfadi\Homepage\rover\Bilder\WS_FTP.LOG --> ftp.alvier.ch /htdocs/rover/Bilder WS_FTP.LOG
99.04.10 02:00 B C:\Eigene Dateien\Pfadi\Homepage\rover\bilder\berimenu.gif --> ftp.alvier.ch /htdocs/rover/bilder berimenu.gif
99.04.10 02:00 B C:\Eigene Dateien\Pfadi\Homepage\rover\bilder\button-betriebsanleitung.txt --> ftp.alvier.ch /htdocs/rover/bilder button-betriebsanleitung.txt
99.04.10 02:00 B C:\Eigene Dateien\Pfadi\Homepage\rover\bilder\hagarbu.gif --> ftp.alvier.ch /htdocs/rover/bilder hagarbu.gif
99.04.10 02:00 B C:\Eigene Dateien\Pfadi\Homepage\rover\bilder\hoopuntelmenu.gif --> ftp.alvier.ch /htdocs/rover/bilder hoopuntelmenu.gif
99.04.10 02:00 B C:\Eigene Dateien\Pfadi\Homepage\rover\bilder\jeemin1.gif --> ftp.alvier.ch /htdocs/rover/bilder jeemin1.gif
99.04.10 02:00 B C:\Eigene Dateien\Pfadi\Homepage\rover\bilder\jeemineemenu.gif --> ftp.alvier.ch /htdocs/rover/bilder jeemineemenu.gif
99.04.10 02:00 B C:\Eigene Dateien\Pfadi\Homepage\rover\bilder\menu_bkground.gif --> ftp.alvier.ch /htdocs/rover/bilder menu_bkground.gif
99.04.10 02:00 B C:\Eigene Dateien\Pfadi\Homepage\rover\bilder\ofafischmenu.gif --> ftp.alvier.ch /htdocs/rover/bilder ofafischmenu.gif
99.04.10 02:00 B C:\Eigene Dateien\Pfadi\Homepage\rover\bilder\utobul.gif --> ftp.alvier.ch /htdocs/rover/bilder utobul.gif
99.04.10 02:00 B C:\Eigene Dateien\Pfadi\Homepage\rover\bilder\vorlage_menu_jeeminee.gif --> ftp.alvier.ch /htdocs/rover/bilder vorlage_menu_jeeminee.gif
99.04.10 02:00 B C:\Eigene Dateien\Pfadi\Homepage\rover\bilder\vorlage_menu_jeeminee.jpg --> ftp.alvier.ch /htdocs/rover/bilder vorlage_menu_jeeminee.jpg
