2001.01.21 18:48 B C:\Sites\puentel\wer\dom1.jpg --> www.alvier.ch /htdocs/rover/hoopuntel dom1.jpg
2001.01.21 18:48 B C:\Sites\puentel\wer\dom2.jpg --> www.alvier.ch /htdocs/rover/hoopuntel dom2.jpg
2001.01.21 18:48 B C:\Sites\puentel\wer\dom3.jpg --> www.alvier.ch /htdocs/rover/hoopuntel dom3.jpg
2001.01.21 18:48 B C:\Sites\puentel\wer\dom4.jpg --> www.alvier.ch /htdocs/rover/hoopuntel dom4.jpg
2001.01.21 18:48 B C:\Sites\puentel\wer\eibi1.jpg --> www.alvier.ch /htdocs/rover/hoopuntel eibi1.jpg
2001.01.21 18:48 B C:\Sites\puentel\wer\eibi2.jpg --> www.alvier.ch /htdocs/rover/hoopuntel eibi2.jpg
2001.01.21 18:48 B C:\Sites\puentel\wer\eibi3.jpg --> www.alvier.ch /htdocs/rover/hoopuntel eibi3.jpg
2001.01.21 18:48 B C:\Sites\puentel\wer\eibi4.jpg --> www.alvier.ch /htdocs/rover/hoopuntel eibi4.jpg
2001.01.21 18:48 B C:\Sites\puentel\wer\hoe1.jpg --> www.alvier.ch /htdocs/rover/hoopuntel hoe1.jpg
2001.01.21 18:48 B C:\Sites\puentel\wer\hoe2.jpg --> www.alvier.ch /htdocs/rover/hoopuntel hoe2.jpg
2001.01.21 18:48 B C:\Sites\puentel\wer\juerg1.jpg --> www.alvier.ch /htdocs/rover/hoopuntel juerg1.jpg
2001.01.21 18:48 B C:\Sites\puentel\wer\juerg2.jpg --> www.alvier.ch /htdocs/rover/hoopuntel juerg2.jpg
2001.01.21 18:48 B C:\Sites\puentel\wer\juerg3.jpg --> www.alvier.ch /htdocs/rover/hoopuntel juerg3.jpg
2001.01.21 18:48 B C:\Sites\puentel\wer\juerg4.jpg --> www.alvier.ch /htdocs/rover/hoopuntel juerg4.jpg
2001.01.21 18:48 B C:\Sites\puentel\wer\markus1.jpg --> www.alvier.ch /htdocs/rover/hoopuntel markus1.jpg
2001.01.21 18:48 B C:\Sites\puentel\wer\markus2.jpg --> www.alvier.ch /htdocs/rover/hoopuntel markus2.jpg
2001.01.21 18:48 B C:\Sites\puentel\wer\markus3.jpg --> www.alvier.ch /htdocs/rover/hoopuntel markus3.jpg
2001.01.21 18:48 B C:\Sites\puentel\wer\markus4.jpg --> www.alvier.ch /htdocs/rover/hoopuntel markus4.jpg
2001.01.21 18:49 B C:\Sites\puentel\wer\michi1.jpg --> www.alvier.ch /htdocs/rover/hoopuntel michi1.jpg
2001.01.21 18:49 B C:\Sites\puentel\wer\michi2.jpg --> www.alvier.ch /htdocs/rover/hoopuntel michi2.jpg
2001.01.21 18:49 B C:\Sites\puentel\wer\michi3.jpg --> www.alvier.ch /htdocs/rover/hoopuntel michi3.jpg
2001.01.21 18:49 B C:\Sites\puentel\wer\michi4.jpg --> www.alvier.ch /htdocs/rover/hoopuntel michi4.jpg
2001.01.21 18:49 B C:\Sites\puentel\wer\sandro1.jpg --> www.alvier.ch /htdocs/rover/hoopuntel sandro1.jpg
2001.01.21 18:49 B C:\Sites\puentel\wer\sandro2.jpg --> www.alvier.ch /htdocs/rover/hoopuntel sandro2.jpg
2001.01.21 18:49 B C:\Sites\puentel\wer\sandro3.jpg --> www.alvier.ch /htdocs/rover/hoopuntel sandro3.jpg
2001.01.21 18:49 B C:\Sites\puentel\wer\sandro4.jpg --> www.alvier.ch /htdocs/rover/hoopuntel sandro4.jpg
2001.01.21 18:49 B C:\Sites\puentel\wer\urs1.jpg --> www.alvier.ch /htdocs/rover/hoopuntel urs1.jpg
2001.01.21 18:49 B C:\Sites\puentel\wer\urs2.jpg --> www.alvier.ch /htdocs/rover/hoopuntel urs2.jpg
2001.01.21 18:49 B C:\Sites\puentel\wer\urs3.jpg --> www.alvier.ch /htdocs/rover/hoopuntel urs3.jpg
2001.01.21 18:49 B C:\Sites\puentel\wer\urs4.jpg --> www.alvier.ch /htdocs/rover/hoopuntel urs4.jpg
2001.01.21 18:56 B C:\Sites\puentel\wer\wer.htm --> www.alvier.ch /htdocs/rover/hoopuntel wer.htm
2001.01.21 18:59 B C:\Sites\puentel\wer\Wer.htm --> www.alvier.ch /htdocs/rover/hoopuntel Wer.htm
2001.01.23 19:23 B C:\Sites\puentel\wer\dom3.jpg --> www.alvier.ch /htdocs/rover/hoopuntel/wer dom3.jpg
2001.01.23 19:23 B C:\Sites\puentel\wer\dom4.jpg --> www.alvier.ch /htdocs/rover/hoopuntel/wer dom4.jpg
2001.01.23 19:23 B C:\Sites\puentel\wer\eibi1.jpg --> www.alvier.ch /htdocs/rover/hoopuntel/wer eibi1.jpg
2001.01.23 19:23 B C:\Sites\puentel\wer\eibi2.jpg --> www.alvier.ch /htdocs/rover/hoopuntel/wer eibi2.jpg
2001.01.23 19:23 B C:\Sites\puentel\wer\eibi3.jpg --> www.alvier.ch /htdocs/rover/hoopuntel/wer eibi3.jpg
2001.01.23 19:23 B C:\Sites\puentel\wer\eibi4.jpg --> www.alvier.ch /htdocs/rover/hoopuntel/wer eibi4.jpg
2001.01.23 19:23 B C:\Sites\puentel\wer\hoe1.jpg --> www.alvier.ch /htdocs/rover/hoopuntel/wer hoe1.jpg
2001.01.23 19:23 B C:\Sites\puentel\wer\hoe2.jpg --> www.alvier.ch /htdocs/rover/hoopuntel/wer hoe2.jpg
2001.01.23 19:23 B C:\Sites\puentel\wer\juerg1.jpg --> www.alvier.ch /htdocs/rover/hoopuntel/wer juerg1.jpg
2001.01.23 19:23 B C:\Sites\puentel\wer\juerg2.jpg --> www.alvier.ch /htdocs/rover/hoopuntel/wer juerg2.jpg
2001.01.23 19:24 B C:\Sites\puentel\wer\juerg3.jpg --> www.alvier.ch /htdocs/rover/hoopuntel/wer juerg3.jpg
2001.01.23 19:24 B C:\Sites\puentel\wer\juerg4.jpg --> www.alvier.ch /htdocs/rover/hoopuntel/wer juerg4.jpg
2001.01.23 19:24 B C:\Sites\puentel\wer\markus1.jpg --> www.alvier.ch /htdocs/rover/hoopuntel/wer markus1.jpg
2001.01.23 19:24 B C:\Sites\puentel\wer\markus2.jpg --> www.alvier.ch /htdocs/rover/hoopuntel/wer markus2.jpg
2001.01.23 19:24 B C:\Sites\puentel\wer\markus3.jpg --> www.alvier.ch /htdocs/rover/hoopuntel/wer markus3.jpg
2001.01.23 19:24 B C:\Sites\puentel\wer\markus4.jpg --> www.alvier.ch /htdocs/rover/hoopuntel/wer markus4.jpg
2001.01.23 19:24 B C:\Sites\puentel\wer\michi1.jpg --> www.alvier.ch /htdocs/rover/hoopuntel/wer michi1.jpg
2001.01.23 19:24 B C:\Sites\puentel\wer\michi2.jpg --> www.alvier.ch /htdocs/rover/hoopuntel/wer michi2.jpg
2001.01.23 19:24 B C:\Sites\puentel\wer\michi3.jpg --> www.alvier.ch /htdocs/rover/hoopuntel/wer michi3.jpg
2001.01.23 19:24 B C:\Sites\puentel\wer\michi4.jpg --> www.alvier.ch /htdocs/rover/hoopuntel/wer michi4.jpg
2001.01.23 19:24 B C:\Sites\puentel\wer\sandro1.jpg --> www.alvier.ch /htdocs/rover/hoopuntel/wer sandro1.jpg
2001.01.23 19:24 B C:\Sites\puentel\wer\sandro2.jpg --> www.alvier.ch /htdocs/rover/hoopuntel/wer sandro2.jpg
2001.01.23 19:24 B C:\Sites\puentel\wer\sandro3.jpg --> www.alvier.ch /htdocs/rover/hoopuntel/wer sandro3.jpg
2001.01.23 19:24 B C:\Sites\puentel\wer\sandro4.jpg --> www.alvier.ch /htdocs/rover/hoopuntel/wer sandro4.jpg
2001.01.23 19:24 B C:\Sites\puentel\wer\urs1.jpg --> www.alvier.ch /htdocs/rover/hoopuntel/wer urs1.jpg
2001.01.23 19:24 B C:\Sites\puentel\wer\urs2.jpg --> www.alvier.ch /htdocs/rover/hoopuntel/wer urs2.jpg
2001.01.23 19:24 B C:\Sites\puentel\wer\urs3.jpg --> www.alvier.ch /htdocs/rover/hoopuntel/wer urs3.jpg
2001.01.23 19:24 B C:\Sites\puentel\wer\urs4.jpg --> www.alvier.ch /htdocs/rover/hoopuntel/wer urs4.jpg
2001.01.23 19:24 B C:\Sites\puentel\wer\Wer.htm --> www.alvier.ch /htdocs/rover/hoopuntel/wer Wer.htm
